#-----------------------------------------------------------
# Vivado v2012.3 (64-bit)
# Build 209282 by xbuild on Thu Oct 18 20:46:04 MDT 2012
# Start of session at: Sat Nov 23 16:16:57 2013
# Process ID: 21515
# Log file: /home/jheckey/Dropbox/homework/ece253/spartan_tetris/vga/vivado.log
# Journal file: /home/jheckey/Dropbox/homework/ece253/spartan_tetris/vga/vivado.jou
#-----------------------------------------------------------
start_gui
create_project project_1 /home/jheckey/Dropbox/homework/ece253/spartan_tetris/vga/project_1 -part xc7vx485tffg1157-1
add_files -fileset sim_1 -norecurse {/home/jheckey/Dropbox/homework/ece253/spartan_tetris/vga/tb.v /home/jheckey/Dropbox/homework/ece253/spartan_tetris/vga/siggen.v /home/jheckey/Dropbox/homework/ece253/spartan_tetris/vga/vga.v}
update_compile_order -fileset sim_1
update_compile_order -fileset sim_1
launch_xsim -simset sim_1 -mode behavioral
set_property runtime 10000ns [get_filesets sim_1]
restart
run all
restart
run 10 us
restart
run 10 us
restart
run 100 ns
add_files -fileset sim_1 -norecurse {/home/jheckey/Dropbox/homework/ece253/spartan_tetris/vga/siggen.v /home/jheckey/Dropbox/homework/ece253/spartan_tetris/vga/tb.v /home/jheckey/Dropbox/homework/ece253/spartan_tetris/vga/vga.v}
set_property top tb [current_fileset]
update_compile_order -fileset sim_1
update_compile_order -fileset sim_1
launch_xsim -simset sim_1 -mode behavioral
close_sim
launch_xsim -simset sim_1 -mode behavioral
add_wave {{/tb/vga_HS}} 
restart
run 20 ms
launch_xsim -simset sim_1 -mode behavioral
close_sim
launch_xsim help
help launch_xsim
launch_xsim -simset sim_1 -mode behavioral
run 20 ms
restart
run 20 ms
close_sim
launch_xsim -simset sim_1 -mode behavioral
run all
restart
run all
close_sim
set_property runtime 5ms [get_filesets sim_1]
launch_xsim -simset sim_1 -mode behavioral
