#-----------------------------------------------------------
# Vivado v2012.3 (64-bit)
# Build 209282 by xbuild on Thu Oct 18 20:46:04 MDT 2012
# Start of session at: Mon Nov 25 22:14:37 2013
# Process ID: 17420
# Log file: /home/jheckey/Dropbox/homework/ece253/spartan_tetris/vga/vivado.log
# Journal file: /home/jheckey/Dropbox/homework/ece253/spartan_tetris/vga/vivado.jou
#-----------------------------------------------------------
start_gui
open_project /home/jheckey/Dropbox/homework/ece253/spartan_tetris/vga/project_1/project_1.xpr
set_property source_mgmt_mode DisplayOnly [current_project]
launch_xsim -simset sim_1 -mode behavioral
restart
run all
close_sim
launch_xsim -simset sim_1 -mode behavioral
restart
run 20 us
run 200 us
close_sim
launch_xsim -simset sim_1 -mode behavioral
restart
run 200 us
close_sim
launch_xsim -simset sim_1 -mode behavioral
restart
run 200 us
save_wave_config {/home/jheckey/Dropbox/homework/ece253/spartan_tetris/vga/project_1/tb_behav.wcfg}
close_sim
launch_xsim -simset sim_1 -mode behavioral
run 50 us
run 50 ms
