#-----------------------------------------------------------
# PlanAhead v14.3 (64-bit)
# Build 209282 by xbuild on Thu Oct 18 20:46:04 MDT 2012
# Start of session at: Tue Nov 12 21:47:13 2013
# Process ID: 19131
# Log file: /home/jheckey/ece253/vga/planAhead_run_3/planAhead.log
# Journal file: /home/jheckey/ece253/vga/planAhead_run_3/planAhead.jou
#-----------------------------------------------------------
start_gui
source /home/jheckey/ece253/vga/pa.fromHdl.tcl
update_compile_order -fileset sim_1
startgroup
set_property package_pin G15 [get_ports vga_G]
endgroup
startgroup
set_property package_pin H14 [get_ports vga_R]
endgroup
startgroup
set_property package_pin H15 [get_ports vga_G]
endgroup
startgroup
set_property package_pin G15 [get_ports vga_B]
endgroup
startgroup
set_property package_pin F15 [get_ports vga_HS]
endgroup
startgroup
set_property package_pin F14 [get_ports vga_VS]
endgroup
save_design
startgroup
set_property package_pin F14 [get_ports vga_VS]
endgroup
save_design
